
> observatorio-aguas-lindas@44.9.1 build
> tsc --noEmit && vite build

[33m(!) Your Vite config uses features that are unsupported by `configLoader: 'native'`, which is planned to become the default in a future major version of Vite:
  - import "./src/config/version" without a file extension (vite.config.ts:5:29). Add the file extension
  - import "./src/data/observatorioData" without a file extension (vite.config.ts:6:34). Add the file extension
  - import "./src/data/sourceRegistry" without a file extension (vite.config.ts:7:32). Add the file extension
  - import "../types/observatorio" without a file extension (src/data/sourceRegistry.ts:1:32). Add the file extension
  - import "../types/observatorio" without a file extension (src/data/observatorioData.ts:1:66). Add the file extension
  - import "./sourceRegistry" without a file extension (src/data/observatorioData.ts:2:32). Add the file extension
  - import "../config/version" without a file extension (src/data/observatorioData.ts:3:25). Add the file extension
  - JSON import "./generated/tse2026-candidates.json" without import attributes (src/data/observatorioData.ts:4:33). Add `with { type: 'json' }`
Set `VITE_CONFIG_NATIVE_IGNORE_WARNING=true` to suppress this warning.[39m
[36mvite v8.3.0 [32mbuilding client environment for production...[36m[39m
transforming...
✓ 1950 modules transformed.
rendering chunks...
computing gzip size...
dist/api/v1/health.json                            0.24 kB │ gzip:  0.20 kB
dist/manifest.webmanifest                          0.66 kB
dist/api/v1/openapi.json                           1.23 kB │ gzip:  0.45 kB
dist/api/v1/sources.json                           9.84 kB │ gzip:  2.17 kB
dist/index.html                                   10.08 kB │ gzip:  2.97 kB
dist/api/v1/observatorio.json                     33.24 kB │ gzip:  7.39 kB
dist/assets/index-BxqriqJf.css                   137.08 kB │ gzip: 22.82 kB
dist/assets/user-round-TYLEPIPA.js                 0.23 kB │ gzip:  0.21 kB
dist/assets/map-pin-BsMpUZ94.js                    0.29 kB │ gzip:  0.24 kB
dist/assets/shield-alert-BFH7VkjN.js               0.60 kB │ gzip:  0.38 kB
dist/assets/export-B0iu3REs.js                     0.64 kB │ gzip:  0.45 kB
dist/assets/electoral360-EEr2881K.js               1.15 kB │ gzip:  0.66 kB
dist/assets/virtual_pwa-register-BVAdQ9cI.js       1.16 kB │ gzip:  0.60 kB
dist/assets/resultsConfig-BfC9yv_g.js              1.56 kB │ gzip:  0.93 kB
dist/assets/transport-BdMRitVX.js                  2.55 kB │ gzip:  1.11 kB
dist/assets/DeferredTrustGroup-tmB4oP2C.js         5.11 kB │ gzip:  1.87 kB
dist/assets/workbox-window.prod.es5-Bd17z0YL.js    5.65 kB │ gzip:  2.20 kB
dist/assets/DeferredElectionGroup-EmxpiGsT.js     10.40 kB │ gzip:  3.37 kB
dist/assets/DeferredPublicDataGroup-DTt7j-tT.js   16.76 kB │ gzip:  5.25 kB
dist/assets/DeferredEvidenceGroup-YkRPhFx1.js     28.64 kB │ gzip:  7.62 kB
dist/assets/jsx-runtime-2TLo9Ynz.js               42.95 kB │ gzip: 13.62 kB
dist/assets/DeferredCivicGroup-DEOCatBg.js        56.80 kB │ gzip: 12.93 kB
dist/assets/DeferredContextGroup-BeIXzPTn.js     121.05 kB │ gzip: 28.57 kB
dist/assets/index-fJcjfpKT.js                    336.22 kB │ gzip: 98.57 kB

[32m✓ built in 374ms[39m

[36mPWA v1.3.0[39m
mode      [35mgenerateSW[39m
precache  [32m32 entries[39m [2m(815.65 KiB)[22m
files generated
  [2mdist/sw.js[22m
  [2mdist/workbox-7a865d45.js[22m
